{
  "Txns":[
    {
      "Date":"2018-06-17T06:25:58Z",
      "Exchange":"Binance",
      "BaseCurrency":"AUD",
      "BaseSpent":10000,
      "QuoteCurrency":"BTC",
      "QuoteReceived":9.99
    },
    {
      "Date":"2018-06-20T04:07:28Z",
      "Exchange":"Binance",
      "BaseCurrency":"BTC",
      "BaseSpent":2,
      "QuoteCurrency":"ETH",
      "QuoteReceived":399.99
    },
    {
      "Date":"2018-06-30T12:00:23Z",
      "Exchange":"Binance",
      "BaseCurrency":"ETH",
      "BaseSpent":220,
      "QuoteCurrency":"BTC",
      "QuoteReceived":0.99
    }
  ],
  "Accounts":{
  },
  "Files":null,
  "StartDate":"2017-07-01T00:00:01Z",
  "EndDate":"2018-06-30T23:59:59Z",
  "CapitalGains":137466.36759096794,
  "TradingGains":177518.514977989951149
}
